--------------------------------------------------------------------------------
Python-data/3.12-31.03, Python libraries for data analytics and machine learning
https://docs.csc.fi/apps/python-data
--------------------------------------------------------------------------------
srun: Step created for StepId=367279.1
STOP 1
STOP 1
STOP 1
STOP 1
STOP 1
STOP 1
STOP 1
STOP 1
STOP 1
STOP 1
STOP 1
STOP 1
STOP 1
STOP 1
STOP 1
STOP 1
STOP 1
STOP 1
STOP 1
STOP 1
STOP 1
STOP 1
STOP 1
STOP 1
STOP 1
STOP 1
STOP 1
STOP 1
STOP 1
STOP 1
STOP 1
STOP 1
STOP 1
STOP 1
STOP 1
STOP 1
STOP 1
STOP 1
STOP 1
STOP 1
STOP 1
STOP 1
STOP 1
STOP 1
STOP 1
STOP 1
STOP 1
STOP 1
STOP 1
STOP 1
STOP 1
STOP 1
STOP 1
STOP 1
STOP 1
STOP 1
STOP 1
STOP 1
STOP 1
STOP 1
STOP 1
STOP 1
STOP 1
STOP 1
STOP 1
STOP 1
STOP 1
STOP 1
STOP 1
STOP 1
STOP 1
STOP 1
STOP 1
STOP 1
STOP 1
STOP 1
STOP 1
STOP 1
STOP 1
STOP 1
STOP 1
STOP 1
STOP 1
STOP 1
STOP 1
STOP 1
STOP 1
STOP 1
STOP 1
STOP 1
STOP 1
STOP 1
STOP 1
STOP 1
STOP 1
STOP 1
STOP 1
STOP 1
STOP 1
STOP 1
STOP 1
STOP 1
STOP 1
STOP 1
STOP 1
STOP 1
STOP 1
STOP 1
STOP 1
STOP 1
STOP 1
STOP 1
STOP 1
STOP 1
STOP 1
STOP 1
STOP 1
STOP 1
STOP 1
STOP 1
STOP 1
STOP 1
STOP 1
STOP 1
STOP 1
STOP 1
STOP 1
STOP 1
STOP 1
STOP 1
STOP 1
STOP 1
STOP 1
STOP 1
STOP 1
STOP 1
STOP 1
STOP 1
STOP 1
STOP 1
STOP 1
STOP 1
STOP 1
STOP 1
STOP 1
STOP 1
STOP 1
STOP 1
STOP 1
STOP 1
STOP 1
STOP 1
STOP 1
STOP 1
STOP 1
STOP 1
STOP 1
STOP 1
STOP 1
STOP 1
STOP 1
STOP 1
STOP 1
STOP 1
STOP 1
STOP 1
STOP 1
STOP 1
STOP 1
STOP 1
STOP 1
STOP 1
STOP 1
STOP 1
STOP 1
STOP 1
STOP 1
STOP 1
STOP 1
STOP 1
STOP 1
STOP 1
STOP 1
STOP 1
STOP 1
STOP 1
STOP 1
STOP 1
STOP 1
STOP 1
STOP 1
STOP 1
STOP 1
STOP 1
STOP 1
STOP 1
STOP 1
STOP 1
STOP 1
STOP 1
STOP 1
STOP 1
STOP 1
STOP 1
STOP 1
STOP 1
STOP 1
STOP 1
STOP 1
STOP 1
STOP 1
STOP 1
STOP 1
STOP 1
STOP 1
STOP 1
STOP 1
STOP 1
STOP 1
STOP 1
STOP 1
STOP 1
STOP 1
STOP 1
STOP 1
STOP 1
STOP 1
STOP 1
STOP 1
STOP 1
STOP 1
STOP 1
STOP 1
STOP 1
STOP 1
STOP 1
STOP 1
STOP 1
STOP 1
STOP 1
STOP 1
STOP 1
STOP 1
STOP 1
STOP 1
STOP 1
STOP 1
STOP 1
STOP 1
STOP 1
STOP 1
STOP 1
STOP 1
STOP 1
STOP 1
STOP 1
STOP 1
STOP 1
STOP 1
STOP 1
STOP 1
STOP 1
STOP 1
STOP 1
STOP 1
STOP 1
STOP 1
STOP 1
STOP 1
STOP 1
STOP 1
STOP 1
STOP 1
STOP 1
STOP 1
STOP 1
STOP 1
STOP 1
STOP 1
STOP 1
STOP 1
STOP 1
STOP 1
STOP 1
STOP 1
STOP 1
STOP 1
STOP 1
STOP 1
STOP 1
STOP 1
STOP 1
STOP 1
STOP 1
STOP 1
STOP 1
STOP 1
STOP 1
STOP 1
STOP 1
STOP 1
STOP 1
STOP 1
STOP 1
STOP 1
STOP 1
STOP 1
STOP 1
STOP 1
STOP 1
STOP 1
STOP 1
STOP 1
STOP 1
STOP 1
STOP 1
STOP 1
STOP 1
STOP 1
STOP 1
STOP 1
STOP 1
STOP 1
STOP 1
STOP 1
STOP 1
STOP 1
STOP 1
STOP 1
STOP 1
STOP 1
STOP 1
STOP 1
STOP 1
STOP 1
STOP 1
STOP 1
STOP 1
STOP 1
STOP 1
STOP 1
STOP 1
STOP 1
STOP 1
STOP 1
STOP 1
STOP 1
STOP 1
STOP 1
STOP 1
STOP 1
STOP 1
STOP 1
STOP 1
STOP 1
STOP 1
STOP 1
STOP 1
STOP 1
STOP 1
STOP 1
STOP 1
STOP 1
STOP 1
STOP 1
STOP 1
STOP 1
STOP 1
STOP 1
STOP 1
STOP 1
STOP 1
STOP 1
STOP 1
STOP 1
STOP 1
STOP 1
STOP 1
STOP 1
STOP 1
STOP 1
STOP 1
STOP 1
STOP 1
STOP 1
STOP 1
STOP 1
STOP 1
STOP 1
STOP 1
STOP 1
STOP 1
STOP 1
STOP 1
STOP 1
STOP 1
STOP 1
STOP 1
STOP 1
STOP 1
STOP 1
STOP 1
STOP 1
STOP 1
STOP 1
STOP 1
STOP 1
STOP 1
STOP 1
STOP 1
STOP 1
STOP 1
STOP 1
STOP 1
STOP 1
STOP 1
STOP 1
STOP 1
STOP 1
STOP 1
STOP 1
STOP 1
STOP 1
STOP 1
STOP 1
STOP 1
STOP 1
STOP 1
STOP 1
STOP 1
STOP 1
STOP 1
STOP 1
STOP 1
STOP 1
STOP 1
STOP 1
STOP 1
STOP 1
STOP 1
STOP 1
STOP 1
STOP 1
STOP 1
STOP 1
STOP 1
STOP 1
STOP 1
STOP 1
STOP 1
STOP 1
STOP 1
STOP 1
STOP 1
STOP 1
STOP 1
STOP 1
STOP 1
STOP 1
STOP 1
STOP 1
STOP 1
STOP 1
STOP 1
STOP 1
STOP 1
STOP 1
STOP 1
STOP 1
STOP 1
STOP 1
STOP 1
STOP 1
STOP 1
STOP 1
[2026-07-28T14:01:06.667] error:  mpi/pmix_v5: _errhandler: rc5181 [2]: pmixp_client_v2.c:230: Error handler invoked: status = -61, source = [slurm.pmix.367279.2:1033]
srun: Job step aborted: Waiting up to 32 seconds for job step to finish.
[2026-07-28T14:01:06.671] error: *** STEP 367279.2 ON rc5146 CANCELLED AT 2026-07-28T14:01:06 DUE to SIGNAL Killed ***
srun: error: rc5243: tasks 3120,3127-3128,3133: Killed
srun: Terminating StepId=367279.2
srun: error: rc6277: tasks 5427,5437: Killed
srun: error: rc5146: tasks 48-49,51-52,55-56,58,61: Killed
srun: error: rc5146: task 50: Killed
srun: error: rc5146: task 54: Killed
[2026-07-28T14:01:07.843] error:  mpi/pmix_v5: _errhandler: rc5182 [3]: pmixp_client_v2.c:230: Error handler invoked: status = -61, source = [slurm.pmix.367279.2:1243]
srun: error: rc6277: task 5425: Killed
srun: error: rc5239: task 2538: Killed
srun: error: rc5243: tasks 3085,3125,3131: Killed
srun: error: rc5229: task 1974: Killed
srun: error: rc5270: tasks 3847,3852,3856,3858,3860,3872,3886,3891,3893,3899,3937,3940,3942,3946,3963-3964,3983,4005,4007,4010: Killed
srun: error: rc5228: tasks 1536-1538,1540-1543,1545-1546,1548,1566,1584,1587-1589,1593-1595,1597-1600,1604,1638,1728-1729,1733-1734,1738,1740,1798,1902,1914: Killed
srun: error: rc6277: tasks 5383,5428,5573,5580,5729: Killed
srun: error: rc6276: tasks 5048,5052: Killed
srun: error: rc5242: task 2736: Killed
srun: error: rc5228: tasks 1592,1768: Killed
srun: error: rc6276: tasks 5308,5368: Killed
srun: error: rc5229: tasks 1976,1983,2112,2217,2255: Killed
srun: error: rc5182: tasks 1152-1340,1342-1345,1347,1349-1352,1354-1367,1369-1370,1372-1384,1386-1406,1408-1411,1413-1422,1424-1432,1434-1436,1438-1440,1443-1445,1447-1454,1456-1460,1462-1467,1469-1470,1472,1475-1477,1480-1483,1485-1489,1491-1499,1501-1507,1509-1514,1516-1517,1519-1520,1522,1524-1526,1529,1531-1534: Exited with exit code 1
srun: error: rc5182: tasks 1341,1346,1348,1353,1368,1371,1385,1407,1412,1423,1433,1437,1441-1442,1446,1455,1461,1468,1471,1473-1474,1478-1479,1484,1490,1500,1508,1515,1518,1521,1523,1527-1528,1530,1535: Killed
srun: error: rc5229: task 2119: Killed
srun: error: rc5147: task 443: Killed
srun: error: rc6221: tasks 4657-4659,4661,4666,4693,4698,4704-4708,4711,4713-4715,4717-4719,4722,4724,4727,4733,4737-4738,4741-4742,4748,4753-4758,4760-4761,4763-4764,4772,4778-4779,4790,4802,4806,4809-4810,4821,4823,4882: Killed
[2026-07-28T14:01:09.024] error:  mpi/pmix_v5: _errhandler: rc6221 [12]: pmixp_client_v2.c:230: Error handler invoked: status = -61, source = [slurm.pmix.367279.2:4882]
srun: error: rc5147: task 602: Killed
[2026-07-28T14:01:09.125] error:  mpi/pmix_v5: _errhandler: rc5243 [8]: pmixp_client_v2.c:230: Error handler invoked: status = -61, source = [slurm.pmix.367279.2:3133]
[2026-07-28T14:01:09.297] error:  mpi/pmix_v5: _errhandler: rc5181 [2]: pmixp_client_v2.c:230: Error handler invoked: status = -61, source = [slurm.pmix.367279.2:776]
srun: error: rc5243: tasks 3072,3076-3078,3080-3084,3086-3104,3106,3109,3111,3113-3117,3119,3121-3124,3126,3129-3130,3132,3134-3135,3138,3141,3144,3146,3159,3169,3171-3174,3178,3183,3193-3194,3257: Killed
srun: error: rc5146: tasks 16-31,33-40,42-47,53,57,59-60,62-71,73,75-77,81,83-84,86,88,90,92,95,100-102,117-118,126,154,157,167-168,175: Killed
srun: error: rc5228: tasks 1539,1547,1553,1555,1557,1560,1564,1568-1569,1572,1574-1575,1578-1579,1581-1583,1590-1591,1601-1602,1605-1606,1609,1613-1614,1619,1623,1625,1627-1628,1731: Killed
srun: error: rc5181: tasks 768-1023,1026,1040: Killed
srun: error: rc5181: tasks 1024-1025,1027-1039,1041-1151: Exited with exit code 1
[2026-07-28T14:01:10.312] error:  mpi/pmix_v5: _errhandler: rc5239 [6]: pmixp_client_v2.c:230: Error handler invoked: status = -61, source = [slurm.pmix.367279.2:2538]
[2026-07-28T14:01:10.312] error:  mpi/pmix_v5: _errhandler: rc5270 [10]: pmixp_client_v2.c:230: Error handler invoked: status = -61, source = [slurm.pmix.367279.2:3893]
[2026-07-28T14:01:10.361] error:  mpi/pmix_v5: _errhandler: rc5242 [7]: pmixp_client_v2.c:230: Error handler invoked: status = -61, source = [slurm.pmix.367279.2:2736]
[2026-07-28T14:01:10.406] error:  mpi/pmix_v5: _errhandler: rc6220 [11]: pmixp_client_v2.c:230: Error handler invoked: status = -61, source = [slurm.pmix.367279.2:4442]
[2026-07-28T14:01:10.427] error:  mpi/pmix_v5: _errhandler: rc6278 [15]: pmixp_client_v2.c:230: Error handler invoked: status = -61, source = [slurm.pmix.367279.2:5771]
[2026-07-28T14:01:10.604] error:  mpi/pmix_v5: _errhandler: rc6277 [14]: pmixp_client_v2.c:230: Error handler invoked: status = -61, source = [slurm.pmix.367279.2:5437]
[2026-07-28T14:01:10.640] error:  mpi/pmix_v5: _errhandler: rc5146 [0]: pmixp_client_v2.c:230: Error handler invoked: status = -61, source = [slurm.pmix.367279.2:49]
[2026-07-28T14:01:10.687] error:  mpi/pmix_v5: _errhandler: rc5269 [9]: pmixp_client_v2.c:230: Error handler invoked: status = -61, source = [slurm.pmix.367279.2:3797]
[2026-07-28T14:01:10.879] error:  mpi/pmix_v5: _errhandler: rc5243 [8]: pmixp_client_v2.c:230: Error handler invoked: status = -61, source = [slurm.pmix.367279.2:3166]
[2026-07-28T14:01:10.952] error:  mpi/pmix_v5: _errhandler: rc6221 [12]: pmixp_client_v2.c:230: Error handler invoked: status = -61, source = [slurm.pmix.367279.2:4732]
[2026-07-28T14:01:11.001] error:  mpi/pmix_v5: _errhandler: rc5228 [4]: pmixp_client_v2.c:230: Error handler invoked: status = -61, source = [slurm.pmix.367279.2:1589]
[2026-07-28T14:01:11.040] error:  mpi/pmix_v5: _errhandler: rc6276 [13]: pmixp_client_v2.c:230: Error handler invoked: status = -61, source = [slurm.pmix.367279.2:5052]
[2026-07-28T14:01:11.058] error:  mpi/pmix_v5: _errhandler: rc5147 [1]: pmixp_client_v2.c:230: Error handler invoked: status = -61, source = [slurm.pmix.367279.2:443]
[2026-07-28T14:01:11.085] error:  mpi/pmix_v5: _errhandler: rc5229 [5]: pmixp_client_v2.c:230: Error handler invoked: status = -61, source = [slurm.pmix.367279.2:1974]
srun: error: rc5239: tasks 2304-2537,2539-2687: Killed
srun: error: rc5146: tasks 0-15,32,41,72,74,78-80,82,85,87,89,91,93-94,96-99,103-116,119-125,127-153,155-156,158-166,169-174,176-383: Killed
srun: error: rc5270: tasks 3840-3846,3848-3851,3853-3855,3857,3859,3861-3871,3873-3885,3887-3890,3892,3894-3898,3900-3936,3938-3939,3941,3943-3945,3947-3962,3965-3982,3984-4004,4006,4008-4009,4011-4223: Killed
srun: error: rc5243: tasks 3073-3075,3079,3105,3107-3108,3110,3112,3118,3136-3137,3139-3140,3142-3143,3145,3147-3158,3160-3168,3170,3175-3177,3179-3182,3184-3192,3195-3256,3258-3455: Killed
srun: error: rc6278: tasks 5760-6143: Killed
srun: error: rc5269: tasks 3456-3839: Killed
srun: error: rc5242: tasks 2688-2735,2737-3071: Killed
srun: error: rc6220: tasks 4224-4607: Killed
srun: error: rc6277: tasks 5376-5382,5384-5424,5426,5429-5436,5438-5572,5574-5579,5581-5728,5730-5759: Killed
srun: error: rc5228: tasks 1544,1549-1552,1554,1556,1558-1559,1561-1563,1565,1567,1570-1571,1573,1576-1577,1580,1585-1586,1596,1603,1607-1608,1610-1612,1615-1618,1620-1622,1624,1626,1629-1637,1639-1727,1730,1732,1735-1737,1739,1741-1767,1769-1797,1799-1901,1903-1913,1915-1919: Killed
srun: error: rc6221: tasks 4608-4656,4660,4662-4665,4667-4692,4694-4697,4699-4703,4709-4710,4712,4716,4720-4721,4723,4725-4726,4728-4732,4734-4736,4739-4740,4743-4747,4749-4752,4759,4762,4765-4771,4773-4777,4780-4789,4791-4801,4803-4805,4807-4808,4811-4820,4822,4824-4881,4883-4991: Killed
srun: error: rc5229: tasks 1920-1973,1975,1977-1982,1984-2111,2113-2118,2120-2216,2218-2254,2256-2303: Killed
srun: error: rc6276: tasks 4992-5047,5049-5051,5053-5307,5309-5367,5369-5375: Killed
srun: error: rc5147: tasks 384-442,444-601,603-767: Killed
