
Starting program Elmergrid, compiled on Jul 13 2026
Elmergrid reading in-line arguments
Using dual (elemental) graph in partitioning.
The mesh will be partitioned with Metis to 1 partitions.
Output will be saved to file winkel.

Elmergrid loading data:
-----------------------
Loading the geometry from file 'winkel.grd'.
Loading ElmerGrid file version: 210903
Defining the coordinate system (3-DIM).
Loading 2 subcell sizes in X-direction
Loading 3 subcell sizes in Y-direction
Loading 2 subcell sizes in Z-direction
Loading material structure
LoadElmergrid: materials interval is [0,3]
Loading boundary conditions
Found 4 boundaries
Reached the end of command file
Found 1 divisions for grid

Loading ElmerGrid commands from file 'winkel.grd'.
Reached the end of command file
Read commands from a file

Elmergrid creating and manipulating meshes:
-------------------------------------------
3 cells were created.
Numbered 1281 knots in 1200 4-node elements.
Numbering order was <x><y> and max levelwidth 43.
80 element sides between materials 0 and 1 were located to type 1.
20 element sides between materials 2 and 1 were located to type 2.
20 element sides between materials 3 and 1 were located to type 3.
60 element sides between materials 0 and 2 were located to type 4.
Created 40 extruded divisions.
Maximum elementtype 404 extruded to type 808.
Allocated for 7 new BC lists
Extruded mesh has 32000 elements in 40 levels.
Simple extrusion would have 48000 elements
Extruded BCs list 0 of types [1,1] has 1600 elements.
Extruded BCs list 1 of types [2,2] has 400 elements.
Extruded BCs list 2 of types [3,3] has 400 elements.
Extruded BCs list 3 of types [4,4] has 2400 elements.
Layer BCs list 4 of types [5,5] has 1200 elements.
Layer BCs list 5 of types [6,6] has 800 elements.
Layer BCs list 6 of types [7,7] has 400 elements.
52521 original nodes moved to 35721 new ones.
Created 32000 elements and 35721 nodes by extruding the 2D geometry
One Metis partition requested, enforcing serial mode
Bounding box of all nodes in mesh:
X:[0,2] Y:[0,2] Z:[0,2]
Calculate Mesh Pieces in mesh:
There is a single piece in the mesh, so the mesh is conforming.

Elmergrid saving data with method 2:
-------------------------------------
Saving mesh in ElmerSolver format to directory winkel.
Reusing an existing directory
Saving 35721 coordinates to mesh.nodes.
Saving 32000 element topologies to mesh.elements.
Saving boundary elements to mesh.boundary.
Saving header info to mesh.header.

Thank you for using Elmergrid!
Send bug reports and feature wishes to elmeradm@csc.fi

Solver linsysAMGX/amgx_bicgstab_amg.sif not recommended for given problem. Ignoring it


Solver linsysAMGX/amgx_bicgstab_none.sif not recommended for given problem. Ignoring it



-----------------------------------
Starting linsysAMGX/amgx_cg_dilu.sif with mesh level 4

Diagnostic: UCX_RNDV_THRESH as seen inside the container:
UCX_RNDV_THRESH=0
Diagnostic: ulimits on the host (compute node, outside container):
real-time non-blocking time  (microseconds, -R) unlimited
core file size              (blocks, -c) 0
data seg size               (kbytes, -d) unlimited
scheduling priority                 (-e) 0
file size                   (blocks, -f) unlimited
pending signals                     (-i) 488532
max locked memory           (kbytes, -l) unlimited
max memory size             (kbytes, -m) 222296064
open files                          (-n) 131000
pipe size                (512 bytes, -p) 8
POSIX message queues         (bytes, -q) 819200
real-time priority                  (-r) 0
stack size                  (kbytes, -s) 8192
cpu time                   (seconds, -t) unlimited
max user processes                  (-u) 100000
virtual memory              (kbytes, -v) unlimited
file locks                          (-x) unlimited
Diagnostic: ulimits as seen inside the container (per task):
real-time non-blocking time  (microseconds, -R) unlimited
core file size              (blocks, -c) 0
data seg size               (kbytes, -d) unlimited
scheduling priority                 (-e) 0
file size                   (blocks, -f) unlimited
pending signals                     (-i) 488532
max locked memory           (kbytes, -l) unlimited
max memory size             (kbytes, -m) 222296064
open files                          (-n) 131000
pipe size                (512 bytes, -p) 8
POSIX message queues         (bytes, -q) 819200
real-time priority                  (-r) 0
stack size                  (kbytes, -s) 8192
cpu time                   (seconds, -t) unlimited
max user processes                  (-u) 100000
virtual memory              (kbytes, -v) unlimited
file locks                          (-x) unlimited
ELMER SOLVER (v 9.0) STARTED AT: 2026/07/23 16:28:27
ParCommInit:  Initialize #PEs:            1
MAIN: Read 2 integer parameters from command line!
MAIN: OMP_NUM_THREADS not set. Using only 1 thread per task.
MAIN: 
MAIN: =============================================================
MAIN: ElmerSolver finite element software, Welcome!
MAIN: This program is free software licensed under (L)GPL
MAIN: Copyright 1st April 1995 - , CSC - IT Center for Science Ltd.
MAIN: Webpage http://www.csc.fi/elmer, Email elmeradm@csc.fi
MAIN: Version: 9.0 (Rev: 9dce9c2ac, Compiled: 2026-07-13)
MAIN:  Running one task without MPI parallelization.
MAIN:  Running with just one thread per task.
MAIN:  HYPRE library linked in.
MAIN:  MMG library linked in.
MAIN:  ParMMG library linked in.
MAIN:  Lua interpreter linked in.
MAIN:  Zoltan library linked in.
MAIN:  AMGX library linked in.
MAIN: =============================================================
MAIN: 
MAIN: 
MAIN: -------------------------------------
MAIN: Reading Model: case_gpu_318865.sif
LoadInputFile: Scanning input file: case_gpu_318865.sif
LoadInputFile: Scanning only size info
LoadInputFile: First time visiting
LoadInputFile: Reading base load of sif file
OpenIncludeFile: Trying to include file: linsys_318865.sif
CheckKeyword: Found keyword type assuming suffix 1 for: operator 2
CheckKeyword: Found keyword type assuming suffix 1 for: operator 2
CheckKeyword: Found keyword type assuming suffix 1 for: operator 3
CheckKeyword: Found keyword type assuming suffix 1 for: operator 3
CheckKeyword: Found keyword type assuming suffix 1 for: operator 4
CheckKeyword: Found keyword type assuming suffix 1 for: operator 4
CheckKeyword: Found keyword type assuming suffix 1 for: operator 5
CheckKeyword: Found keyword type assuming suffix 1 for: operator 5
LoadInputFile: Loading input file: case_gpu_318865.sif
LoadInputFile: Reading base load of sif file
OpenIncludeFile: Trying to include file: linsys_318865.sif
CheckKeyword:  Unlisted keyword: [amgx config] in section: [solver 1]
CheckKeyword: Found keyword type assuming suffix 1 for: operator 2
CheckKeyword: Found keyword type assuming suffix 1 for: operator 2
CheckKeyword: Found keyword type assuming suffix 1 for: operator 3
CheckKeyword: Found keyword type assuming suffix 1 for: operator 3
CheckKeyword: Found keyword type assuming suffix 1 for: operator 4
CheckKeyword: Found keyword type assuming suffix 1 for: operator 4
CheckKeyword: Found keyword type assuming suffix 1 for: operator 5
CheckKeyword: Found keyword type assuming suffix 1 for: operator 5
CheckKeyword:  Unlisted keyword: [expression 1] in section: [solver 2]
CheckKeyword:  Unlisted keyword: [line marker] in section: [solver 2]
LoadInputFile: Number of BCs: 3
LoadInputFile: Number of Body Forces: 0
LoadInputFile: Number of Initial Conditions: 0
LoadInputFile: Number of Materials: 1
LoadInputFile: Number of Equations: 1
LoadInputFile: Number of Solvers: 2
LoadInputFile: Number of Bodies: 1
ListTagKeywords: Setting weight for keywords!
ListTagKeywords: No parameters width suffix: normalize by area
ListTagKeywords: Setting weight for keywords!
ListTagKeywords: No parameters width suffix: normalize by volume
Loading user function library: [StressSolve]...[StressSolver_Init0]
Loading user function library: [SaveData]...[SaveScalars_Init0]
Loading user function library: [SaveData]...[SaveScalars_Init0]
LoadMesh: Loading serial mesh!
ElmerAsciiMesh: Performing step: 1
ElmerAsciiMesh: Base mesh name: ./winkel
ReadHeaderFile: Reading header info from file: ./winkel/mesh.header
InitializeMesh: Number of nodes in mesh: 35721
InitializeMesh: Number of bulk elements in mesh: 32000
InitializeMesh: Number of boundary elements in mesh: 7200
InitializeMesh: Initial number of max element nodes: 8
ElmerAsciiMesh: Performing step: 2
ReadNodesFile: Reading nodes from file: ./winkel/mesh.nodes
SetMeshDimension: Dimension of mesh is: 3
SetMeshDimension: Max dimension of mesh is: 3
ElmerAsciiMesh: Performing step: 3
ReadElementsFile: Reading bulk elements from file: ./winkel/mesh.elements
ElmerAsciiMesh: Performing step: 4
ReadBoundaryFile: Reading boundary elements from file: ./winkel/mesh.boundary
PermuteNodeNumbering: Performing node mapping
MapBodiesAndBCs: Skipping remapping of bodies
MapBodiesAndBCs: Remapping boundaries
MapBodiesAndBCs: Minimum initial boundary index: 1
MapBodiesAndBCs: Maximum initial boundary index: 7
ElmerAsciiMesh: Performing step: 5
ElmerAsciiMesh: Performing step: 6
LoadMesh: Loading mesh done
NonNodalElements: Element dofs max: 8
LoadMesh: Preparing mesh done
LoadMesh: Elapsed REAL time:     0.0490 (s)
LoadModel: Creating hierarchy of meshes by mesh multiplication: 4
LoadModel: Keeping number of meshes: 4
LoadModel: Performing splitting at level: 2
SplitMeshEqual: Mesh splitting works for first order elements 303, 404, 504, (706) and 808.
FindMeshEdges: Determining faces in 3D mesh
FindMeshFaces3D: Finding mesh faces in 3D mesh
FindMeshFaces3D: Number of faces found: 99600
FindMeshEdges: Determining edges in 3D mesh
FindMeshEdges3D: Finding mesh edges in 3D mesh
FindMeshEdges3D: Number of edges found: 103320
SplitMeshEqual: ******** Old mesh ********
SplitMeshEqual:  Nodes             :        35721
SplitMeshEqual:  Bulk elements     :        32000
SplitMeshEqual:  Boundary elements :         7200
SplitMeshEqual:  Edges             :       103320
SplitMeshEqual:  Faces             :        99600
SplitMeshEqual: Added 99600 nodes in the center of faces
SplitMeshEqual: Added 32000 nodes in the center of bulks
SplitMeshEqual: Added edge centers to the nodes list.
SplitMeshEqual: Added face centers to the nodes list.
SplitMeshEqual: Added quad and brick centers to the nodes list.
SplitMeshEqual:  Count of new elements :       284800
SplitMeshEqual: New mesh allocated.
SplitMeshEqual: Array for bulk elements allocated.
SplitMeshEqual: ******** New mesh ********
SplitMeshEqual:  Nodes             :       270641
SplitMeshEqual:  Bulk elements     :       256000
SplitMeshEqual:  Boundary elements :        28800
SplitMeshEqual: Elapsed REAL time:     0.0514 (s)
ReleaseMeshFaceTables: Releasing number of faces: 99600
SetMeshDimension: Dimension of mesh is: 3
SetMeshDimension: Max dimension of mesh is: 3
NonNodalElements: Element dofs max: 8
LoadModel: Performing splitting at level: 3
SplitMeshEqual: Mesh splitting works for first order elements 303, 404, 504, (706) and 808.
FindMeshEdges: Determining faces in 3D mesh
FindMeshFaces3D: Finding mesh faces in 3D mesh
FindMeshFaces3D: Number of faces found: 782400
FindMeshEdges: Determining edges in 3D mesh
FindMeshEdges3D: Finding mesh edges in 3D mesh
FindMeshEdges3D: Number of edges found: 797040
SplitMeshEqual: ******** Old mesh ********
SplitMeshEqual:  Nodes             :       270641
SplitMeshEqual:  Bulk elements     :       256000
SplitMeshEqual:  Boundary elements :        28800
SplitMeshEqual:  Edges             :       797040
SplitMeshEqual:  Faces             :       782400
SplitMeshEqual: Added 782400 nodes in the center of faces
SplitMeshEqual: Added 256000 nodes in the center of bulks
SplitMeshEqual: Added edge centers to the nodes list.
SplitMeshEqual: Added face centers to the nodes list.
SplitMeshEqual: Added quad and brick centers to the nodes list.
SplitMeshEqual:  Count of new elements :      2163200
SplitMeshEqual: New mesh allocated.
SplitMeshEqual: Array for bulk elements allocated.
SplitMeshEqual: ******** New mesh ********
SplitMeshEqual:  Nodes             :      2106081
SplitMeshEqual:  Bulk elements     :      2048000
SplitMeshEqual:  Boundary elements :       115200
SplitMeshEqual: Elapsed REAL time:     0.3975 (s)
ReleaseMeshFaceTables: Releasing number of faces: 782400
SetMeshDimension: Dimension of mesh is: 3
SetMeshDimension: Max dimension of mesh is: 3
NonNodalElements: Element dofs max: 8
LoadModel: Performing splitting at level: 4
SplitMeshEqual: Mesh splitting works for first order elements 303, 404, 504, (706) and 808.
FindMeshEdges: Determining faces in 3D mesh
FindMeshFaces3D: Finding mesh faces in 3D mesh
FindMeshFaces3D: Number of faces found: 6201600
FindMeshEdges: Determining edges in 3D mesh
FindMeshEdges3D: Finding mesh edges in 3D mesh
FindMeshEdges3D: Number of edges found: 6259680
SplitMeshEqual: ******** Old mesh ********
SplitMeshEqual:  Nodes             :      2106081
SplitMeshEqual:  Bulk elements     :      2048000
SplitMeshEqual:  Boundary elements :       115200
SplitMeshEqual:  Edges             :      6259680
SplitMeshEqual:  Faces             :      6201600
SplitMeshEqual: Added 6201600 nodes in the center of faces
SplitMeshEqual: Added 2048000 nodes in the center of bulks
SplitMeshEqual: Added edge centers to the nodes list.
SplitMeshEqual: Added face centers to the nodes list.
SplitMeshEqual: Added quad and brick centers to the nodes list.
SplitMeshEqual:  Count of new elements :     16844800
SplitMeshEqual: New mesh allocated.
SplitMeshEqual: Array for bulk elements allocated.
SplitMeshEqual: ******** New mesh ********
SplitMeshEqual:  Nodes             :     16615361
SplitMeshEqual:  Bulk elements     :     16384000
SplitMeshEqual:  Boundary elements :       460800
SplitMeshEqual: Elapsed REAL time:     3.0298 (s)
ReleaseMeshFaceTables: Releasing number of faces: 6201600
SetMeshDimension: Dimension of mesh is: 3
SetMeshDimension: Max dimension of mesh is: 3
NonNodalElements: Element dofs max: 8
MeshStabParams: Computing stabilization parameters
MeshStabParams: Elapsed REAL time:     1.5689 (s)
MeshStabParams: Computing stabilization parameters
MeshStabParams: Elapsed REAL time:     0.1971 (s)
MeshStabParams: Computing stabilization parameters
MeshStabParams: Elapsed REAL time:     0.0249 (s)
MeshStabParams: Computing stabilization parameters
MeshStabParams: Elapsed REAL time:     0.0033 (s)
CompleteModelKeywords: Completing keywords for mortars and mechanics!
MAIN: -------------------------------------
AddMeshCoordinates: Setting mesh coordinates and time
VariableAdd: Adding variable > Coordinate 1 < of size 16615361
VariableAdd: Adding variable > Coordinate 2 < of size 16615361
VariableAdd: Adding variable > Coordinate 3 < of size 16615361
VariableAdd: Adding variable > Coordinate 1 < of size 2106081
VariableAdd: Adding variable > Coordinate 2 < of size 2106081
VariableAdd: Adding variable > Coordinate 3 < of size 2106081
VariableAdd: Adding variable > Coordinate 1 < of size 270641
VariableAdd: Adding variable > Coordinate 2 < of size 270641
VariableAdd: Adding variable > Coordinate 3 < of size 270641
VariableAdd: Adding variable > Coordinate 1 < of size 35721
VariableAdd: Adding variable > Coordinate 2 < of size 35721
VariableAdd: Adding variable > Coordinate 3 < of size 35721
AddSolvers: Setting up 2 solvers
AddSolvers: Setting up solver 1: linelast
AddEquationBasics: Using procedure: StressSolve StressSolver
AddEquationBasics: Setting up solver: linelast
Loading user function library: [StressSolve]...[StressSolver_Init]
AddEquationBasics: Checking for _init solver
StressSolve_init: --------------------------------------------------
StressSolve_init: Solving displacements from linear elasticity model
StressSolve_init: --------------------------------------------------
Loading user function library: [StressSolve]...[StressSolver_bulk]
Loading user function library: [StressSolve]...[StressSolver_bulk]
AddEquationBasics: Checking for _bulk solver
Loading user function library: [StressSolve]...[StressSolver]
AddEquationBasics: Treating variable string: -dofs 3 displacement
AddEquationBasics: Creating standard variable: displacement
AddEquationBasics: Computing size of permutation vector
AddEquationBasics: Maximum size of permutation vector is: 16615361
AddEquationBasics: Creating solver matrix topology
CreateMatrix: Creating initial permutation
CreateMatrix: Creating inverse of initial order of size: 16615361
CreateMatrix: Creating list matrix for equation: linelast
MakeListMatrix: Creating list matrix
OptimizeBandwidth: ---------------------------------------------------------
OptimizeBandwidth: Computing matrix structure for: linelast
OptimizeBandwidth: Initial bandwidth for linelast: 16580049
OptimizeBandwidth: Optimized bandwidth for linelast: 103523
OptimizeBandwidth: ---------------------------------------------------------
CreateMatrix: Initializing list matrix for equation
CRS_CreateMatrix: Creating CRS Matrix of size: 49846083
CRS_CreateMatrix: Creating CRS Matrix with nofs: -294966967
